This is pdfTeX, Version 3.141592653-2.6-1.40.28 (MiKTeX 25.12) (preloaded format=pdflatex 2026.2.20)  28 MAR 2026 13:30
entering extended mode
 restricted \write18 enabled.
 %&-line parsing enabled.
**./main.tex
(main.tex
LaTeX2e <2025-11-01>
L3 programming layer <2025-12-24>
(C:\Users\rayba\AppData\Local\Programs\MiKTeX\tex/latex/base\article.cls
Document Class: article 2025/01/22 v1.4n Standard LaTeX document class
(C:\Users\rayba\AppData\Local\Programs\MiKTeX\tex/latex/base\size11.clo
File: size11.clo 2025/01/22 v1.4n Standard LaTeX file (size option)
)
\c@part=\count275
\c@section=\count276
\c@subsection=\count277
\c@subsubsection=\count278
\c@paragraph=\count279
\c@subparagraph=\count280
\c@figure=\count281
\c@table=\count282
\abovecaptionskip=\skip49
\belowcaptionskip=\skip50
\bibindent=\dimen148
)
(C:\Users\rayba\AppData\Local\Programs\MiKTeX\tex/latex/amsmath\amsmath.sty
Package: amsmath 2025/07/09 v2.17z AMS math features
\@mathmargin=\skip51

For additional information on amsmath, use the `?' option.
(C:\Users\rayba\AppData\Local\Programs\MiKTeX\tex/latex/amsmath\amstext.sty
Package: amstext 2024/11/17 v2.01 AMS text

(C:\Users\rayba\AppData\Local\Programs\MiKTeX\tex/latex/amsmath\amsgen.sty
File: amsgen.sty 1999/11/30 v2.0 generic functions
\@emptytoks=\toks17
\ex@=\dimen149
))
(C:\Users\rayba\AppData\Local\Programs\MiKTeX\tex/latex/amsmath\amsbsy.sty
Package: amsbsy 1999/11/29 v1.2d Bold Symbols
\pmbraise@=\dimen150
)
(C:\Users\rayba\AppData\Local\Programs\MiKTeX\tex/latex/amsmath\amsopn.sty
Package: amsopn 2022/04/08 v2.04 operator names
)
\inf@bad=\count283
LaTeX Info: Redefining \frac on input line 233.
\uproot@=\count284
\leftroot@=\count285
LaTeX Info: Redefining \overline on input line 398.
LaTeX Info: Redefining \colon on input line 409.
\classnum@=\count286
\DOTSCASE@=\count287
LaTeX Info: Redefining \ldots on input line 495.
LaTeX Info: Redefining \dots on input line 498.
LaTeX Info: Redefining \cdots on input line 619.
\Mathstrutbox@=\box53
\strutbox@=\box54
LaTeX Info: Redefining \big on input line 721.
LaTeX Info: Redefining \Big on input line 722.
LaTeX Info: Redefining \bigg on input line 723.
LaTeX Info: Redefining \Bigg on input line 724.
\big@size=\dimen151
LaTeX Font Info:    Redeclaring font encoding OML on input line 742.
LaTeX Font Info:    Redeclaring font encoding OMS on input line 743.
\macc@depth=\count288
LaTeX Info: Redefining \bmod on input line 904.
LaTeX Info: Redefining \pmod on input line 909.
LaTeX Info: Redefining \smash on input line 939.
LaTeX Info: Redefining \relbar on input line 969.
LaTeX Info: Redefining \Relbar on input line 970.
\c@MaxMatrixCols=\count289
\dotsspace@=\muskip17
\c@parentequation=\count290
\dspbrk@lvl=\count291
\tag@help=\toks18
\row@=\count292
\column@=\count293
\maxfields@=\count294
\andhelp@=\toks19
\eqnshift@=\dimen152
\alignsep@=\dimen153
\tagshift@=\dimen154
\tagwidth@=\dimen155
\totwidth@=\dimen156
\lineht@=\dimen157
\@envbody=\toks20
\multlinegap=\skip52
\multlinetaggap=\skip53
\mathdisplay@stack=\toks21
LaTeX Info: Redefining \[ on input line 2950.
LaTeX Info: Redefining \] on input line 2951.
)
(C:\Users\rayba\AppData\Local\Programs\MiKTeX\tex/latex/amsfonts\amssymb.sty
Package: amssymb 2013/01/14 v3.01 AMS font symbols

(C:\Users\rayba\AppData\Local\Programs\MiKTeX\tex/latex/amsfonts\amsfonts.sty
Package: amsfonts 2013/01/14 v3.01 Basic AMSFonts support
\symAMSa=\mathgroup4
\symAMSb=\mathgroup5
LaTeX Font Info:    Redeclaring math symbol \hbar on input line 98.
LaTeX Font Info:    Overwriting math alphabet `\mathfrak' in version `bold'
(Font)                  U/euf/m/n --> U/euf/b/n on input line 106.
)) (C:\Users\rayba\AppData\Local\Programs\MiKTeX\tex/latex/graphics\graphicx.st
y
Package: graphicx 2024/12/31 v1.2e Enhanced LaTeX Graphics (DPC,SPQR)

(C:\Users\rayba\AppData\Local\Programs\MiKTeX\tex/latex/graphics\keyval.sty
Package: keyval 2022/05/29 v1.15 key=value parser (DPC)
\KV@toks@=\toks22
)
(C:\Users\rayba\AppData\Local\Programs\MiKTeX\tex/latex/graphics\graphics.sty
Package: graphics 2024/08/06 v1.4g Standard LaTeX Graphics (DPC,SPQR)

(C:\Users\rayba\AppData\Local\Programs\MiKTeX\tex/latex/graphics\trig.sty
Package: trig 2023/12/02 v1.11 sin cos tan (DPC)
)
(C:\Users\rayba\AppData\Local\Programs\MiKTeX\tex/latex/graphics-cfg\graphics.c
fg
File: graphics.cfg 2016/06/04 v1.11 sample graphics configuration
)
Package graphics Info: Driver file: pdftex.def on input line 106.

(C:\Users\rayba\AppData\Local\Programs\MiKTeX\tex/latex/graphics-def\pdftex.def
File: pdftex.def 2025/09/29 v1.2d Graphics/color driver for pdftex
))
\Gin@req@height=\dimen158
\Gin@req@width=\dimen159
) (C:\Users\rayba\AppData\Local\Programs\MiKTeX\tex/latex/cite\cite.sty
LaTeX Info: Redefining \cite on input line 302.
LaTeX Info: Redefining \nocite on input line 332.
Package: cite 2015/02/27  v 5.5
)
(C:\Users\rayba\AppData\Local\Programs\MiKTeX\tex/latex/hyperref\hyperref.sty
Package: hyperref 2025-07-12 v7.01o Hypertext links for LaTeX

(C:\Users\rayba\AppData\Local\Programs\MiKTeX\tex/generic/iftex\iftex.sty
Package: iftex 2024/12/12 v1.0g TeX engine tests
)
(C:\Users\rayba\AppData\Local\Programs\MiKTeX\tex/latex/kvsetkeys\kvsetkeys.sty
Package: kvsetkeys 2022-10-05 v1.19 Key value parser (HO)
)
(C:\Users\rayba\AppData\Local\Programs\MiKTeX\tex/generic/kvdefinekeys\kvdefine
keys.sty
Package: kvdefinekeys 2019-12-19 v1.6 Define keys (HO)
)
(C:\Users\rayba\AppData\Local\Programs\MiKTeX\tex/generic/pdfescape\pdfescape.s
ty
Package: pdfescape 2019/12/09 v1.15 Implements pdfTeX's escape features (HO)

(C:\Users\rayba\AppData\Local\Programs\MiKTeX\tex/generic/ltxcmds\ltxcmds.sty
Package: ltxcmds 2023-12-04 v1.26 LaTeX kernel commands for general use (HO)
)
(C:\Users\rayba\AppData\Local\Programs\MiKTeX\tex/generic/pdftexcmds\pdftexcmds
.sty
Package: pdftexcmds 2020-06-27 v0.33 Utility functions of pdfTeX for LuaTeX (HO
)

(C:\Users\rayba\AppData\Local\Programs\MiKTeX\tex/generic/infwarerr\infwarerr.s
ty
Package: infwarerr 2019/12/03 v1.5 Providing info/warning/error messages (HO)
)
Package pdftexcmds Info: \pdf@primitive is available.
Package pdftexcmds Info: \pdf@ifprimitive is available.
Package pdftexcmds Info: \pdfdraftmode found.
))
(C:\Users\rayba\AppData\Local\Programs\MiKTeX\tex/latex/hycolor\hycolor.sty
Package: hycolor 2020-01-27 v1.10 Color options for hyperref/bookmark (HO)
)
(C:\Users\rayba\AppData\Local\Programs\MiKTeX\tex/latex/hyperref\nameref.sty
Package: nameref 2025-06-21 v2.57 Cross-referencing by name of section

(C:\Users\rayba\AppData\Local\Programs\MiKTeX\tex/latex/refcount\refcount.sty
Package: refcount 2019/12/15 v3.6 Data extraction from label references (HO)
)
(C:\Users\rayba\AppData\Local\Programs\MiKTeX\tex/generic/gettitlestring\gettit
lestring.sty
Package: gettitlestring 2019/12/15 v1.6 Cleanup title references (HO)

(C:\Users\rayba\AppData\Local\Programs\MiKTeX\tex/latex/kvoptions\kvoptions.sty
Package: kvoptions 2022-06-15 v3.15 Key value format for package options (HO)
))
\c@section@level=\count295
)
(C:\Users\rayba\AppData\Local\Programs\MiKTeX\tex/latex/etoolbox\etoolbox.sty
Package: etoolbox 2025/10/02 v2.5m e-TeX tools for LaTeX (JAW)
\etb@tempcnta=\count296
)
(C:\Users\rayba\AppData\Local\Programs\MiKTeX\tex/generic/stringenc\stringenc.s
ty
Package: stringenc 2019/11/29 v1.12 Convert strings between diff. encodings (HO
)
)
\@linkdim=\dimen160
\Hy@linkcounter=\count297
\Hy@pagecounter=\count298
 (C:\Users\rayba\AppData\Local\Programs\MiKTeX\tex/latex/hyperref\pd1enc.def
File: pd1enc.def 2025-07-12 v7.01o Hyperref: PDFDocEncoding definition (HO)
Now handling font encoding PD1 ...
... no UTF-8 mapping file for font encoding PD1
) (C:\Users\rayba\AppData\Local\Programs\MiKTeX\tex/generic/intcalc\intcalc.sty
Package: intcalc 2019/12/15 v1.3 Expandable calculations with integers (HO)
)
\Hy@SavedSpaceFactor=\count299
 (C:\Users\rayba\AppData\Local\Programs\MiKTeX\tex/latex/hyperref\puenc.def
File: puenc.def 2025-07-12 v7.01o Hyperref: PDF Unicode definition (HO)
Now handling font encoding PU ...
... no UTF-8 mapping file for font encoding PU
)
Package hyperref Info: Hyper figures OFF on input line 4195.
Package hyperref Info: Link nesting OFF on input line 4200.
Package hyperref Info: Hyper index ON on input line 4203.
Package hyperref Info: Plain pages OFF on input line 4210.
Package hyperref Info: Backreferencing OFF on input line 4215.
Package hyperref Info: Implicit mode ON; LaTeX internals redefined.
Package hyperref Info: Bookmarks ON on input line 4462.
\c@Hy@tempcnt=\count300

(C:\Users\rayba\AppData\Local\Programs\MiKTeX\tex/latex/url\url.sty
\Urlmuskip=\muskip18
Package: url 2013/09/16  ver 3.4  Verb mode for urls, etc.
)
LaTeX Info: Redefining \url on input line 4801.
\XeTeXLinkMargin=\dimen161

(C:\Users\rayba\AppData\Local\Programs\MiKTeX\tex/generic/bitset\bitset.sty
Package: bitset 2019/12/09 v1.3 Handle bit-vector datatype (HO)

(C:\Users\rayba\AppData\Local\Programs\MiKTeX\tex/generic/bigintcalc\bigintcalc
.sty
Package: bigintcalc 2019/12/15 v1.5 Expandable calculations on big integers (HO
)
))
\Fld@menulength=\count301
\Field@Width=\dimen162
\Fld@charsize=\dimen163
Package hyperref Info: Hyper figures OFF on input line 6078.
Package hyperref Info: Link nesting OFF on input line 6083.
Package hyperref Info: Hyper index ON on input line 6086.
Package hyperref Info: backreferencing OFF on input line 6093.
Package hyperref Info: Link coloring OFF on input line 6098.
Package hyperref Info: Link coloring with OCG OFF on input line 6103.
Package hyperref Info: PDF/A mode OFF on input line 6108.
\Hy@abspage=\count302
\c@Item=\count303
\c@Hfootnote=\count304
)
Package hyperref Info: Driver (autodetected): hpdftex.

(C:\Users\rayba\AppData\Local\Programs\MiKTeX\tex/latex/hyperref\hpdftex.def
File: hpdftex.def 2025-07-12 v7.01o Hyperref driver for pdfTeX
\Fld@listcount=\count305
\c@bookmark@seq@number=\count306

(C:\Users\rayba\AppData\Local\Programs\MiKTeX\tex/latex/rerunfilecheck\rerunfil
echeck.sty
Package: rerunfilecheck 2025-06-21 v1.11 Rerun checks for auxiliary files (HO)

(C:\Users\rayba\AppData\Local\Programs\MiKTeX\tex/generic/uniquecounter\uniquec
ounter.sty
Package: uniquecounter 2019/12/15 v1.4 Provide unlimited unique counter (HO)
)
Package uniquecounter Info: New unique counter `rerunfilecheck' on input line 2
84.
)
\Hy@SectionHShift=\skip54
)
(C:\Users\rayba\AppData\Local\Programs\MiKTeX\tex/latex/float\float.sty
Package: float 2001/11/08 v1.3d Float enhancements (AL)
\c@float@type=\count307
\float@exts=\toks23
\float@box=\box55
\@float@everytoks=\toks24
\@floatcapt=\box56
)
(C:\Users\rayba\AppData\Local\Programs\MiKTeX\tex/latex/caption\caption.sty
Package: caption 2023/08/05 v3.6o Customizing captions (AR)

(C:\Users\rayba\AppData\Local\Programs\MiKTeX\tex/latex/caption\caption3.sty
Package: caption3 2023/07/31 v2.4d caption3 kernel (AR)
\caption@tempdima=\dimen164
\captionmargin=\dimen165
\caption@leftmargin=\dimen166
\caption@rightmargin=\dimen167
\caption@width=\dimen168
\caption@indent=\dimen169
\caption@parindent=\dimen170
\caption@hangindent=\dimen171
Package caption Info: Standard document class detected.
)
\c@caption@flags=\count308
\c@continuedfloat=\count309
Package caption Info: float package is loaded.
Package caption Info: hyperref package is loaded.
)
(C:\Users\rayba\AppData\Local\Programs\MiKTeX\tex/latex/caption\subcaption.sty
Package: subcaption 2023/07/28 v1.6b Sub-captions (AR)
Package caption Info: New subtype `subfigure' on input line 238.
\c@subfigure=\count310
Package caption Info: New subtype `subtable' on input line 238.
\c@subtable=\count311
) (C:\Users\rayba\AppData\Local\Programs\MiKTeX\tex/latex/booktabs\booktabs.sty
Package: booktabs 2020/01/12 v1.61803398 Publication quality tables
\heavyrulewidth=\dimen172
\lightrulewidth=\dimen173
\cmidrulewidth=\dimen174
\belowrulesep=\dimen175
\belowbottomsep=\dimen176
\aboverulesep=\dimen177
\abovetopsep=\dimen178
\cmidrulesep=\dimen179
\cmidrulekern=\dimen180
\defaultaddspace=\dimen181
\@cmidla=\count312
\@cmidlb=\count313
\@aboverulesep=\dimen182
\@belowrulesep=\dimen183
\@thisruleclass=\count314
\@lastruleclass=\count315
\@thisrulewidth=\dimen184
) (C:\Users\rayba\AppData\Local\Programs\MiKTeX\tex/latex/graphics\color.sty
Package: color 2025/01/14 v1.3e Standard LaTeX Color (DPC)

(C:\Users\rayba\AppData\Local\Programs\MiKTeX\tex/latex/graphics-cfg\color.cfg
File: color.cfg 2016/01/02 v1.6 sample color configuration
)
Package color Info: Driver file: pdftex.def on input line 149.
(C:\Users\rayba\AppData\Local\Programs\MiKTeX\tex/latex/graphics\mathcolor.ltx)
) (C:\Users\rayba\AppData\Local\Programs\MiKTeX\tex/latex/tools\array.sty
Package: array 2025/09/25 v2.6n Tabular extension package (FMi)
\col@sep=\dimen185
\ar@mcellbox=\box57
\extrarowheight=\dimen186
\NC@list=\toks25
\extratabsurround=\skip55
\backup@length=\skip56
\ar@cellbox=\box58
)
(C:\Users\rayba\AppData\Local\Programs\MiKTeX\tex/latex/geometry\geometry.sty
Package: geometry 2020/01/02 v5.9 Page Geometry

(C:\Users\rayba\AppData\Local\Programs\MiKTeX\tex/generic/iftex\ifvtex.sty
Package: ifvtex 2019/10/25 v1.7 ifvtex legacy package. Use iftex instead.
)
\Gm@cnth=\count316
\Gm@cntv=\count317
\c@Gm@tempcnt=\count318
\Gm@bindingoffset=\dimen187
\Gm@wd@mp=\dimen188
\Gm@odd@mp=\dimen189
\Gm@even@mp=\dimen190
\Gm@layoutwidth=\dimen191
\Gm@layoutheight=\dimen192
\Gm@layouthoffset=\dimen193
\Gm@layoutvoffset=\dimen194
\Gm@dimlist=\toks26

(C:\Users\rayba\AppData\Local\Programs\MiKTeX\tex/latex/geometry\geometry.cfg))
(C:\Users\rayba\AppData\Local\Programs\MiKTeX\tex/latex/fancyhdr\fancyhdr.sty
Package: fancyhdr 2025/02/07 v5.2 Extensive control of page headers and footers

\f@nch@headwidth=\skip57
\f@nch@offset@elh=\skip58
\f@nch@offset@erh=\skip59
\f@nch@offset@olh=\skip60
\f@nch@offset@orh=\skip61
\f@nch@offset@elf=\skip62
\f@nch@offset@erf=\skip63
\f@nch@offset@olf=\skip64
\f@nch@offset@orf=\skip65
\f@nch@height=\skip66
\f@nch@footalignment=\skip67
\f@nch@widthL=\skip68
\f@nch@widthC=\skip69
\f@nch@widthR=\skip70
\@temptokenb=\toks27
)
(C:\Users\rayba\AppData\Local\Programs\MiKTeX\tex/latex/lastpage\lastpage.sty
Package: lastpage 2025/08/14 v2.1h lastpage: 2.09 or 2e? (HMM)

(C:\Users\rayba\AppData\Local\Programs\MiKTeX\tex/latex/lastpage\lastpage2e.sty
Package: lastpage2e 2025/08/14 v2.1h Decide which 2e lastpage version to use (H
MM)

(C:\Users\rayba\AppData\Local\Programs\MiKTeX\tex/latex/lastpage\lastpagemodern
.sty
Package: lastpagemodern 2025-08-14 v2.1h Refers to last page's name (HMM; JPG)
\c@lastpagecount=\count319
) 
))
(C:\Users\rayba\AppData\Local\Programs\MiKTeX\tex/latex/multirow\multirow.sty
Package: multirow 2024/11/12 v2.9 Span multiple rows of a table
\multirow@colwidth=\skip71
\multirow@cntb=\count320
\multirow@dima=\skip72
\bigstrutjot=\dimen195
)
(C:\Users\rayba\AppData\Local\Programs\MiKTeX\tex/latex/algorithms\algorithm.st
y
Package: algorithm 2009/08/24 v0.1 Document Style `algorithm' - floating enviro
nment
 (C:\Users\rayba\AppData\Local\Programs\MiKTeX\tex/latex/base\ifthen.sty
Package: ifthen 2024/03/16 v1.1e Standard LaTeX ifthen package (DPC)
)
\@float@every@algorithm=\toks28
\c@algorithm=\count321
)
(C:\Users\rayba\AppData\Local\Programs\MiKTeX\tex/latex/algorithmicx\algpseudoc
ode.sty
Package: algpseudocode 

(C:\Users\rayba\AppData\Local\Programs\MiKTeX\tex/latex/algorithmicx\algorithmi
cx.sty
Package: algorithmicx 2005/04/27 v1.2 Algorithmicx

Document Style algorithmicx 1.2 - a greatly improved `algorithmic' style
\c@ALG@line=\count322
\c@ALG@rem=\count323
\c@ALG@nested=\count324
\ALG@tlm=\skip73
\ALG@thistlm=\skip74
\c@ALG@Lnr=\count325
\c@ALG@blocknr=\count326
\c@ALG@storecount=\count327
\c@ALG@tmpcounter=\count328
\ALG@tmplength=\skip75
)
Document Style - pseudocode environments for use with the `algorithmicx' style
)
(C:\Users\rayba\AppData\Local\Programs\MiKTeX\tex/latex/l3backend\l3backend-pdf
tex.def
File: l3backend-pdftex.def 2025-10-09 L3 backend support: PDF output (pdfTeX)
\l__color_backend_stack_int=\count329
) (main.aux)
\openout1 = `main.aux'.

LaTeX Font Info:    Checking defaults for OML/cmm/m/it on input line 37.
LaTeX Font Info:    ... okay on input line 37.
LaTeX Font Info:    Checking defaults for OMS/cmsy/m/n on input line 37.
LaTeX Font Info:    ... okay on input line 37.
LaTeX Font Info:    Checking defaults for OT1/cmr/m/n on input line 37.
LaTeX Font Info:    ... okay on input line 37.
LaTeX Font Info:    Checking defaults for T1/cmr/m/n on input line 37.
LaTeX Font Info:    ... okay on input line 37.
LaTeX Font Info:    Checking defaults for TS1/cmr/m/n on input line 37.
LaTeX Font Info:    ... okay on input line 37.
LaTeX Font Info:    Checking defaults for OMX/cmex/m/n on input line 37.
LaTeX Font Info:    ... okay on input line 37.
LaTeX Font Info:    Checking defaults for U/cmr/m/n on input line 37.
LaTeX Font Info:    ... okay on input line 37.
LaTeX Font Info:    Checking defaults for PD1/pdf/m/n on input line 37.
LaTeX Font Info:    ... okay on input line 37.
LaTeX Font Info:    Checking defaults for PU/pdf/m/n on input line 37.
LaTeX Font Info:    ... okay on input line 37.

(C:\Users\rayba\AppData\Local\Programs\MiKTeX\tex/context/base/mkii\supp-pdf.mk
ii
[Loading MPS to PDF converter (version 2006.09.02).]
\scratchcounter=\count330
\scratchdimen=\dimen196
\scratchbox=\box59
\nofMPsegments=\count331
\nofMParguments=\count332
\everyMPshowfont=\toks29
\MPscratchCnt=\count333
\MPscratchDim=\dimen197
\MPnumerator=\count334
\makeMPintoPDFobject=\count335
\everyMPtoPDFconversion=\toks30
)
(C:\Users\rayba\AppData\Local\Programs\MiKTeX\tex/latex/epstopdf-pkg\epstopdf-b
ase.sty
Package: epstopdf-base 2020-01-24 v2.11 Base part for package epstopdf
Package epstopdf-base Info: Redefining graphics rule for `.eps' on input line 4
85.

(C:\Users\rayba\AppData\Local\Programs\MiKTeX\tex/latex/00miktex\epstopdf-sys.c
fg
File: epstopdf-sys.cfg 2021/03/18 v2.0 Configuration of epstopdf for MiKTeX
))
Package hyperref Info: Link coloring OFF on input line 37.
 (main.out) (main.out)
\@outlinefile=\write3
\openout3 = `main.out'.

Package caption Info: Begin \AtBeginDocument code.
Package caption Info: End \AtBeginDocument code.

*geometry* driver: auto-detecting
*geometry* detected driver: pdftex
*geometry* verbose mode - [ preamble ] result:
* driver: pdftex
* paper: a4paper
* layout: <same size as paper>
* layoutoffset:(h,v)=(0.0pt,0.0pt)
* modes: 
* h-part:(L,W,R)=(72.26999pt, 452.9679pt, 72.26999pt)
* v-part:(T,H,B)=(72.26999pt, 700.50687pt, 72.26999pt)
* \paperwidth=597.50787pt
* \paperheight=845.04684pt
* \textwidth=452.9679pt
* \textheight=700.50687pt
* \oddsidemargin=0.0pt
* \evensidemargin=0.0pt
* \topmargin=-37.0pt
* \headheight=14.0pt
* \headsep=25.0pt
* \topskip=11.0pt
* \footskip=30.0pt
* \marginparwidth=50.0pt
* \marginparsep=10.0pt
* \columnsep=10.0pt
* \skip\footins=10.0pt plus 4.0pt minus 2.0pt
* \hoffset=0.0pt
* \voffset=0.0pt
* \mag=1000
* \@twocolumnfalse
* \@twosidefalse
* \@mparswitchfalse
* \@reversemarginfalse
* (1in=72.27pt=25.4mm, 1cm=28.453pt)

LaTeX Font Info:    Trying to load font information for U+msa on input line 40.

(C:\Users\rayba\AppData\Local\Programs\MiKTeX\tex/latex/amsfonts\umsa.fd
File: umsa.fd 2013/01/14 v3.01 AMS symbols A
)
LaTeX Font Info:    Trying to load font information for U+msb on input line 40.


(C:\Users\rayba\AppData\Local\Programs\MiKTeX\tex/latex/amsfonts\umsb.fd
File: umsb.fd 2013/01/14 v3.01 AMS symbols B
)
[1

{C:/Users/rayba/AppData/Local/MiKTeX/fonts/map/pdftex/pdftex.map}] (main.toc
[2])
\tf@toc=\write4
\openout4 = `main.toc'.

 [3]
Overfull \hbox (11.21635pt too wide) in paragraph at lines 70--71
[]\OT1/cmr/bx/n/10.95 Field Anal-y-sis Cost: \OT1/cmr/m/n/10.95 Laboratory-base
d phy-to-chem-i-cal anal-y-sis via HPLC costs INR 2,500-
 []


Overfull \hbox (8.36174pt too wide) in paragraph at lines 78--79
[]\OT1/cmr/bx/n/10.95 Objective 1: \OT1/cmr/m/n/10.95 Pre-dict location-specifi
c phy-to-chem-i-cal con-cen-tra-tions us-ing spatial-temporal
 []

[4]
Overfull \hbox (221.11653pt too wide) in paragraph at lines 106--127
 [][] 
 []

[5] [6] [7] [8] [9]
Package hyperref Info: bookmark level for unknown algorithm defaults to 0 on in
put line 409.
 [10] [11]
Overfull \hbox (38.50517pt too wide) in paragraph at lines 507--508
\OT1/cmr/m/n/10.95 The train-ing dataset is con-structed from peer-reviewed phy
-to-chem-i-cal lit-er-a-ture fol-low-ing NAPRALERT
 []


Overfull \hbox (2.82747pt too wide) in paragraph at lines 530--555
 [][] 
 []

[12]
<../outputs/novelty1_temporal_spatial.png, id=424, 1239.6714pt x 349.7868pt>
File: ../outputs/novelty1_temporal_spatial.png Graphic file (type png)
<use ../outputs/novelty1_temporal_spatial.png>
Package pdftex.def Info: ../outputs/novelty1_temporal_spatial.png  used on inpu
t line 593.
(pdftex.def)             Requested size: 430.31812pt x 121.41846pt.
<../outputs/novelty2_pharmacokinetic.png, id=426, 1290.7422pt x 349.7868pt>
File: ../outputs/novelty2_pharmacokinetic.png Graphic file (type png)
<use ../outputs/novelty2_pharmacokinetic.png>
Package pdftex.def Info: ../outputs/novelty2_pharmacokinetic.png  used on input
 line 611.
(pdftex.def)             Requested size: 430.31812pt x 116.61488pt.
 [13 <../outputs/novelty1_temporal_spatial.png>]
<../outputs/novelty3_knowledge_graph.png, id=436, 1285.9242pt x 420.6114pt>
File: ../outputs/novelty3_knowledge_graph.png Graphic file (type png)
<use ../outputs/novelty3_knowledge_graph.png>
Package pdftex.def Info: ../outputs/novelty3_knowledge_graph.png  used on input
 line 629.
(pdftex.def)             Requested size: 430.31812pt x 140.75327pt.
 [14 <../outputs/novelty2_pharmacokinetic.png> <../outputs/novelty3_knowledge_g
raph.png>]
<../outputs/novelty4_recommendations.png, id=446, 1001.6622pt x 350.2686pt>
File: ../outputs/novelty4_recommendations.png Graphic file (type png)
<use ../outputs/novelty4_recommendations.png>
Package pdftex.def Info: ../outputs/novelty4_recommendations.png  used on input
 line 661.
(pdftex.def)             Requested size: 430.31812pt x 150.4736pt.
<../outputs/novelty5_spectral_cnn.png, id=447, 1001.6622pt x 711.1368pt>
File: ../outputs/novelty5_spectral_cnn.png Graphic file (type png)
<use ../outputs/novelty5_spectral_cnn.png>
Package pdftex.def Info: ../outputs/novelty5_spectral_cnn.png  used on input li
ne 690.
(pdftex.def)             Requested size: 430.31812pt x 305.50073pt.
 [15 <../outputs/novelty4_recommendations.png>]
<../outputs/system_diagram.png, id=456, 1381.16pt x 770.88pt>
File: ../outputs/system_diagram.png Graphic file (type png)
<use ../outputs/system_diagram.png>
Package pdftex.def Info: ../outputs/system_diagram.png  used on input line 734.

(pdftex.def)             Requested size: 430.31812pt x 240.17012pt.
 [16 <../outputs/novelty5_spectral_cnn.png>]
<../outputs/data_generation_overview.png, id=466, 1129.821pt x 422.0568pt>
File: ../outputs/data_generation_overview.png Graphic file (type png)
<use ../outputs/data_generation_overview.png>
Package pdftex.def Info: ../outputs/data_generation_overview.png  used on input
 line 743.
(pdftex.def)             Requested size: 217.42265pt x 81.21559pt.
<../outputs/napralert_data_overview.png, id=467, 1428.0552pt x 422.0568pt>
File: ../outputs/napralert_data_overview.png Graphic file (type png)
<use ../outputs/napralert_data_overview.png>
Package pdftex.def Info: ../outputs/napralert_data_overview.png  used on input 
line 749.
(pdftex.def)             Requested size: 217.42265pt x 64.25247pt.
<../outputs/exp1_phytochem_comparison.png, id=468, 1566.8136pt x 980.9448pt>
File: ../outputs/exp1_phytochem_comparison.png Graphic file (type png)
<use ../outputs/exp1_phytochem_comparison.png>
Package pdftex.def Info: ../outputs/exp1_phytochem_comparison.png  used on inpu
t line 760.
(pdftex.def)             Requested size: 217.42265pt x 136.11893pt.
<../outputs/exp2_bioavailability_comparison.png, id=469, 1146.684pt x 856.6404p
t>
File: ../outputs/exp2_bioavailability_comparison.png Graphic file (type png)
<use ../outputs/exp2_bioavailability_comparison.png>
Package pdftex.def Info: ../outputs/exp2_bioavailability_comparison.png  used o
n input line 766.
(pdftex.def)             Requested size: 217.42265pt x 162.42351pt.
<../outputs/exp3_interaction_comparison.png, id=470, 1146.684pt x 856.6404pt>
File: ../outputs/exp3_interaction_comparison.png Graphic file (type png)
<use ../outputs/exp3_interaction_comparison.png>
Package pdftex.def Info: ../outputs/exp3_interaction_comparison.png  used on in
put line 774.
(pdftex.def)             Requested size: 217.42265pt x 162.42351pt.
<../outputs/exp4_recommendation_comparison.png, id=471, 1435.2822pt x 423.0204p
t>
File: ../outputs/exp4_recommendation_comparison.png Graphic file (type png)
<use ../outputs/exp4_recommendation_comparison.png>
Package pdftex.def Info: ../outputs/exp4_recommendation_comparison.png  used on
 input line 780.
(pdftex.def)             Requested size: 217.42265pt x 64.07643pt.
<../outputs/exp5_field_quantification_comparison.png, id=472, 1435.2822pt x 856
.6404pt>
File: ../outputs/exp5_field_quantification_comparison.png Graphic file (type pn
g)
<use ../outputs/exp5_field_quantification_comparison.png>
Package pdftex.def Info: ../outputs/exp5_field_quantification_comparison.png  u
sed on input line 788.
(pdftex.def)             Requested size: 280.83788pt x 167.6128pt.

[17 <../outputs/system_diagram.png (PNG copy)> <../outputs/data_generation_over
view.png> <../outputs/napralert_data_overview.png>]
<../outputs/integration_e2e_results.png, id=482, 1146.684pt x 422.0568pt>
File: ../outputs/integration_e2e_results.png Graphic file (type png)
<use ../outputs/integration_e2e_results.png>
Package pdftex.def Info: ../outputs/integration_e2e_results.png  used on input 
line 799.
(pdftex.def)             Requested size: 217.42265pt x 80.02417pt.
<../outputs/validation_summary.png, id=483, 1001.6622pt x 348.8232pt>
File: ../outputs/validation_summary.png Graphic file (type png)
<use ../outputs/validation_summary.png>
Package pdftex.def Info: ../outputs/validation_summary.png  used on input line 
805.
(pdftex.def)             Requested size: 217.42265pt x 75.71407pt.
 [18 <../outputs/exp1_phytochem_comparison.png> <../outputs/exp2_bioavailabilit
y_comparison.png> <../outputs/exp3_interaction_comparison.png> <../outputs/exp4
_recommendation_comparison.png> <../outputs/exp5_field_quantification_compariso
n.png>]
<../outputs/executive_summary_comparison.png, id=495, 1288.3332pt x 1023.825pt>

File: ../outputs/executive_summary_comparison.png Graphic file (type png)
<use ../outputs/executive_summary_comparison.png>
Package pdftex.def Info: ../outputs/executive_summary_comparison.png  used on i
nput line 814.
(pdftex.def)             Requested size: 430.31812pt x 341.97195pt.
 [19 <../outputs/integration_e2e_results.png> <../outputs/validation_summary.pn
g> <../outputs/executive_summary_comparison.png>]
Overfull \hbox (16.10799pt too wide) in paragraph at lines 848--848
[]|\OT1/cmr/bx/n/10 NAPRALERT
 []


Underfull \hbox (badness 10000) in paragraph at lines 848--849
[]|\OT1/cmr/bx/n/10 Static
 []


Underfull \hbox (badness 10000) in paragraph at lines 848--849
\OT1/cmr/bx/n/10 Herbal
 []


Underfull \hbox (badness 10000) in paragraph at lines 852--852
[]|\OT1/cmr/m/n/10 Yes
 []


Underfull \hbox (badness 10000) in paragraph at lines 852--852
\OT1/cmr/m/n/10 (location-
 []


Underfull \hbox (badness 10000) in paragraph at lines 852--852
[]|\OT1/cmr/m/n/10 Static
 []


Underfull \hbox (badness 10000) in paragraph at lines 852--853
[]|\OT1/cmr/m/n/10 Static
 []


Underfull \hbox (badness 10000) in paragraph at lines 854--854
[]|\OT1/cmr/m/n/10 Yes
 []


Underfull \hbox (badness 1584) in paragraph at lines 856--856
[]|\OT1/cmr/m/n/10 Interaction pre-dic-
 []


Underfull \hbox (badness 10000) in paragraph at lines 856--856
[]|\OT1/cmr/m/n/10 Yes (novel
 []


Underfull \hbox (badness 10000) in paragraph at lines 856--856
[]|\OT1/cmr/m/n/10 Database
 []


Underfull \hbox (badness 10000) in paragraph at lines 858--858
[]|\OT1/cmr/m/n/10 Yes (op-ti-
 []


Underfull \hbox (badness 10000) in paragraph at lines 858--859
[]|\OT1/cmr/m/n/10 Symptom
 []

[20]
Overfull \hbox (19.38332pt too wide) in paragraph at lines 913--914
\OT1/cmr/m/n/10.95 tems (PlantSnap, iNat-u-ral-ist) can-not pre-dict phy-to-che
m-i-cal com-po-si-tion; NAPRALERT
 []


Overfull \hbox (2.36893pt too wide) in paragraph at lines 933--934
[]\OT1/cmr/m/n/10.95 ``Enables NON-DESTRUCTIVE field-based com-pound quan-tifi-
ca-tion from 5-channel
 []

[21]
Overfull \hbox (6.4794pt too wide) in paragraph at lines 982--983
[]\OT1/cmr/bx/n/10.95 Optimization Out-per-forms Heuris-tics: \OT1/cmr/m/n/10.9
5 Multi-objective con-straint sat-is-fac-tion achieves
 []


Overfull \hbox (5.75275pt too wide) in paragraph at lines 984--985
[]\OT1/cmr/bx/n/10.95 Spectral CNN is Field-Deployable: \OT1/cmr/m/n/10.95 Non-
destructive com-pound quan-tifi-ca-tion 518,479x
 []

[22]
Overfull \hbox (4.09373pt too wide) in paragraph at lines 1005--1006
\OT1/cmr/m/n/10.95 fects demon-strated across all five sub-sys-tems. Deployment
-ready mod-els, cu-rated NAPRALERT-
 []

[23]
Underfull \hbox (badness 4416) in paragraph at lines 1033--1034
[]\OT1/cmr/m/n/10.95 NAPRALERT Database. (2016). Uni-ver-sity of Illi-nois Chic
ago. Re-trieved from
 []

[24] 
enddocument/afterlastpage (AED): lastpage setting LastPage.
(main.aux)
 ***********
LaTeX2e <2025-11-01>
L3 programming layer <2025-12-24>
 ***********


LaTeX Warning: Label(s) may have changed. Rerun to get cross-references right.

Package rerunfilecheck Info: File `main.out' has not changed.
(rerunfilecheck)             Checksum: EC16F890F5B3CE309BF276D5969CE5CA;11993.
 ) 
Here is how much of TeX's memory you used:
 13440 strings out of 467871
 217648 string characters out of 5418376
 636442 words of memory out of 5000000
 41989 multiletter control sequences out of 15000+600000
 641466 words of font info for 91 fonts, out of 8000000 for 9000
 1141 hyphenation exceptions out of 8191
 75i,12n,79p,679b,581s stack positions out of 10000i,1000n,20000p,200000b,200000s
 <C:\Users\rayba\AppData\Local\MiKTeX\fonts/pk/ljfour/jknappen/ec/dpi600\tcbx
1095.pk> <C:\Users\rayba\AppData\Local\MiKTeX\fonts/pk/ljfour/jknappen/ec/dpi60
0\tctt1095.pk> <C:\Users\rayba\AppData\Local\MiKTeX\fonts/pk/ljfour/jknappen/ec
/dpi600\tcrm1095.pk> <C:\Users\rayba\AppData\Local\MiKTeX\fonts/pk/ljfour/jknap
pen/ec/dpi600\tcrm1000.pk><C:/Users/rayba/AppData/Local/Programs/MiKTeX/fonts/t
ype1/public/amsfonts/cm/cmbx10.pfb><C:/Users/rayba/AppData/Local/Programs/MiKTe
X/fonts/type1/public/amsfonts/cm/cmbx12.pfb><C:/Users/rayba/AppData/Local/Progr
ams/MiKTeX/fonts/type1/public/amsfonts/cm/cmbx8.pfb><C:/Users/rayba/AppData/Loc
al/Programs/MiKTeX/fonts/type1/public/amsfonts/cm/cmex10.pfb><C:/Users/rayba/Ap
pData/Local/Programs/MiKTeX/fonts/type1/public/amsfonts/cm/cmmi10.pfb><C:/Users
/rayba/AppData/Local/Programs/MiKTeX/fonts/type1/public/amsfonts/cm/cmmi8.pfb><
C:/Users/rayba/AppData/Local/Programs/MiKTeX/fonts/type1/public/amsfonts/cm/cmr
10.pfb><C:/Users/rayba/AppData/Local/Programs/MiKTeX/fonts/type1/public/amsfont
s/cm/cmr12.pfb><C:/Users/rayba/AppData/Local/Programs/MiKTeX/fonts/type1/public
/amsfonts/cm/cmr6.pfb><C:/Users/rayba/AppData/Local/Programs/MiKTeX/fonts/type1
/public/amsfonts/cm/cmr8.pfb><C:/Users/rayba/AppData/Local/Programs/MiKTeX/font
s/type1/public/amsfonts/cm/cmr9.pfb><C:/Users/rayba/AppData/Local/Programs/MiKT
eX/fonts/type1/public/amsfonts/cm/cmsy10.pfb><C:/Users/rayba/AppData/Local/Prog
rams/MiKTeX/fonts/type1/public/amsfonts/cm/cmsy8.pfb><C:/Users/rayba/AppData/Lo
cal/Programs/MiKTeX/fonts/type1/public/amsfonts/cm/cmti10.pfb><C:/Users/rayba/A
ppData/Local/Programs/MiKTeX/fonts/type1/public/amsfonts/cm/cmti12.pfb><C:/User
s/rayba/AppData/Local/Programs/MiKTeX/fonts/type1/public/amsfonts/cm/cmtt10.pfb
>
Output written on main.pdf (24 pages, 4632746 bytes).
PDF statistics:
 672 PDF objects out of 1000 (max. 8388607)
 148 named destinations out of 1000 (max. 500000)
 545 words of extra memory for PDF output out of 10000 (max. 10000000)

